┌──────┐                 ┌──────────┐
│ USER │                 │ DOCUMENT │
└───┬──┘                 └──┬───┬───┘
    └||───────owns────────o{┘   │
     ┌}|───────contains───────||┘
     │
┌────┴──┐                ┌─────────┐
│ BLOCK │                │ DIAGRAM │
└───┬───┘                └────┬────┘
    │                         │
    │                         │
    └}o───────may_be────────||┘
