┌──────────────────────────┐
│          Parse           │
│                          │
│                          │
│ ┌──────────┐     ┌─────┐ │   ┌──────────┐      ┌─────────┐     ┌────────┐
│ │          │     │     │ │   │          │      │         │     │        │
│ │ Markdown ├────►│ AST ├─┼──►│ Mermaid? ├─yes─►│ Diagram ├────►│ Output │
│ │          │     │     │ │   │          │      │         │     │        │
│ └──────────┘     └─────┘ │   └─────┬────┘      └─────────┘     └────────┘
│                          │         │                                ▲
└──────────────────────────┘         │                                │
                                     │                                │
                                     │                                │
                                     │                                │
                                     │           ┌─────────┐          │
                                     │           │         │          │
                                     └──────no──►│   Text  ├──────────┘
                                                 │         │
                                                 └─────────┘
