┌──────────┐
│          │
│  Start   │
│          │
└─────┬────┘
      │
      │
      │
      │
      ▼
┌──────────┐
│          │
│ Decision │
│          │
└─────┬────┘
      │
      ├──────────────┐
      │              │
     yes            no
      │              │
      ▼              ▼
┌──────────┐     ┌──────┐
│          │     │      │
│  Do it   │     │ Skip │
│          │     │      │
└──────────┘     └──────┘
