┌─ Backend ──────────┐
│ ┌─────┐     ┌────┐ │     ┌──────────────┐
│ │ API │     │ DB │ │     │ Пользователь │
│ └──┬──┘     └──┬─┘ │     └───────┬──────┘
│    │           │   │             │
│    │ 1. call   │   │             │
│    │◄──────────────┼─────────────┤
│    ┃           │   │             │
│    ┃ 2. query  │   │             │
│    ┠──────────►│   │             │
│    ┃           ┃   │             │
│    ┃ 3. rows   ┃   │             │
│    ┃◄┈┈┈┈┈┈┈┈┈┈┨   │             │
│    ┃           │   │             │
│    ┃ 4. result │   │             │
│    ┠┈┈┈┈┈┈┈┈┈┈┈┈┈┈┈┼┈┈┈┈┈┈┈┈┈┈┈┈►│
│    │           │   │             │
│    │ 5. async  │   │             │
│    │(──────────────┼─────────────┤
│    │           │   │             │
│    │ 6. lost   │   │             │
│    │×──────────────┼─────────────┤
│    │           │   │             │
└────────────────────┘
