     ┌────────┐     ┌─────┐
     │ Client │     │ API │
     └────┬───┘     └──┬──┘
          │            │
┌───────┐ │            │
│ waits │ │            │
└───────┘ │            │
          │            │
          │            │ ┌─────────────────┐
          │            │ │ проверка токена │
          │            │ └─────────────────┘
          │            │
          │ request    │
          ├───────────►│
          │            │
          │      ┌───────────┐
          │      │ validates │
          │      └───────────┘
          │            │
         ┌──────────────┐
         │ shared note  │
         └──────────────┘
          │            │
