┌────────┐     ┌─────┐     ┌────┐
│ Client │     │ API │     │ DB │
└────┬───┘     └──┬──┘     └──┬─┘
     │          ┌─[loop retry 3x]─┐
     │          │ │           │   │
     │          │ │ SELECT doc│   │
     │          │ ├──────────►│   │
     │          │ │           │   │
     │          │ │ rows      │   │
     │          │ │◄┈┈┈┈┈┈┈┈┈┈┤   │
     │          │ │           │   │
     │          └─────────────────┘
   ┌─[alt found]────────────────┐
   │ │            │           │ │
   │ │ 200 OK     │           │ │
   │ │◄┈┈┈┈┈┈┈┈┈┈┈┤           │ │
   ├┈[not found]┈┈┈┈┈┈┈┈┈┈┈┈┈┈┈┈┤
   │ │            │           │ │
   │ │ 404        │           │ │
   │ │◄┈┈┈┈┈┈┈┈┈┈┈┤           │ │
   │ │            │           │ │
   └────────────────────────────┘
   ┌─[opt cache hit]────────────┐
   │ │            │           │ │
   │ │ cached     │           │ │
   │ │◄┈┈┈┈┈┈┈┈┈┈┈┤           │ │
   │ │            │           │ │
   └────────────────────────────┘
     │          ┌─[par parallel]─┐
     │          │ │           │  │
     │          │ │ read      │  │
     │          │ ├──────────►│  │
     │          ├┈┈┈┈┈┈┈┈┈┈┈┈┈┈┈┈┤
     │          │ │           │  │
     │          │ │ audit     │  │
     │          │ ├──────────►│  │
     │          │ │           │  │
     │          └────────────────┘
     │          ┌─[critical tx]─┐
     │          │ │           │ │
     │          │ │ commit    │ │
     │          │ ├──────────►│ │
     │          │ │           │ │
     │          └───────────────┘
   ┌─[break on error]───────────┐
   │ │            │           │ │
   │ │ 500        │           │ │
   │ │◄┈┈┈┈┈┈┈┈┈┈┈┤           │ │
   │ │            │           │ │
   └────────────────────────────┘
     │          ┌─[rect]────────┐
     │          │ │           │ │
     │          │ │ self check│ │
     │          │ ├──┐        │ │
     │          │ │  │        │ │
     │          │ │◄─┘        │ │
     │          │ │           │ │
     │          └───────────────┘
     │            │           │
