[1m# Quotes[0m

[2m│ [0mA block quote that is long enough to be wrapped, and every wrapped line has to
[2m│ [0mkeep the quote marker in front of it.
[2m│[0m
[2m│ [0mA second paragraph in the same quote.

[2m│ [0mOuter quote
[2m│[0m
[2m│ │ [0mNested quote that is also long enough to wrap at narrow widths.
[2m│[0m
[2m│ • [0ma list
[2m│ • [0minside a quote
