[1m# Regression fixture[0m

[1m## Parameters[0m

[1mПараметр[0m │ [1mТип[0m    │ [1mПо умолчанию[0m │ [1mОписание[0m
─────────┼────────┼──────────────┼──────────────────────────────────────────────
[36m--width[0m  │ int    │ 80           │ Максимальная ширина вывода в колонках
         │        │              │ терминала, после которой текст переносится
[36m--theme[0m  │ string │ auto         │ Цветовая тема: dark, light, auto, или путь к
         │        │              │ JSON-файлу с темой

[1m## Inline content, emoji, CJK, alignment[0m

[1mСтатус[0m │ [1mИмя[0m            │ [1mСсылка[0m      │ [1mЧисло[0m
───────┼────────────────┼─────────────┼──────
  ✅   │ [1mжирный[0m         │ ]8;;https://example.com/very/long/path/to/documentation/page\[4;34mdocs[0m]8;;\        │     1
  ⚠️   │ 日本語テキスト │ [36mcode | pipe[0m │  1000
  👨‍👩‍👧   │ обычный        │ -           │    42

[1m## Long sequence diagram[0m

┌─────────┐     ┌─────────┐     ┌──────┐     ┌───────┐     ┌──────────┐     ┌───────────┐
│ Browser │     │ Gateway │     │ Auth │     │ Users │     │ Sessions │     │ Audit log │
└────┬────┘     └────┬────┘     └───┬──┘     └───┬───┘     └─────┬────┘     └─────┬─────┘
     │               │              │            │               │                │
     │ 1. POST /login│              │            │               │                │
     ├──────────────►│              │            │               │                │
     │               ┃              │            │               │                │
     │               ┃ 2. verify credentials     │               │                │
     │               ┠─────────────►│            │               │                │
     │               ┃              ┃            │               │                │
     │               ┃              ┃ 3. find user               │                │
     │               ┃              ┠───────────►│               │                │
     │               ┃              ┃            │               │                │
     │               ┃              ┃ 4. user    │               │                │
     │               ┃              ┃◄┈┈┈┈┈┈┈┈┈┈┈┤               │                │
     │               ┃              ┃            │               │                │
     │               ┃              ┃ ┌─────────────────┐        │                │
     │               ┃              ┃ │ проверка пароля │        │                │
     │               ┃              ┃ └─────────────────┘        │                │
     │               ┃            ┌─[loop retry 3x]─────────────────────────────────┐
     │               ┃            │ ┃            │               │                │ │
     │               ┃            │ ┃ 5. create session          │                │ │
     │               ┃            │ ┠───────────────────────────►│                │ │
     │               ┃            │ ┃            │               │                │ │
     │               ┃            │ ┃ 6. session id              │                │ │
     │               ┃            │ ┃◄┈┈┈┈┈┈┈┈┈┈┈┈┈┈┈┈┈┈┈┈┈┈┈┈┈┈┈┤                │ │
     │               ┃            │ ┃            │               │                │ │
     │               ┃            └─────────────────────────────────────────────────┘
     │               ┃              ┃            │               │                │
     │               ┃              ┃ 7. record login            │                │
     │               ┃              ┠────────────────────────────────────────────►│
     │               ┃              ┃            │               │                │
     │               ┃ 8. token     ┃            │               │                │
     │               ┃◄┈┈┈┈┈┈┈┈┈┈┈┈┈┨            │               │                │
     │               ┃              │            │               │                │
     │ 9. 302 + cookie              │            │               │                │
     │◄┈┈┈┈┈┈┈┈┈┈┈┈┈┈┨              │            │               │                │
     │               │              │            │               │                │

[1m## Links[0m

See the ]8;;https://github.com/AlexanderGrooff/mermaid-ascii\[4;34mmermaid-ascii repository[0m]8;;\ and ]8;;https://example.com/docs\[4;34mhttps://example.com/docs[0m]8;;\.
