# Regression fixture

## Parameters

Параметр │ Тип    │ По умолчанию │ Описание
─────────┼────────┼──────────────┼──────────────────────────────────────────────
--width  │ int    │ 80           │ Максимальная ширина вывода в колонках
         │        │              │ терминала, после которой текст переносится
--theme  │ string │ auto         │ Цветовая тема: dark, light, auto, или путь к
         │        │              │ JSON-файлу с темой

## Inline content, emoji, CJK, alignment

Статус │ Имя            │ Ссылка                                                     │ Число
───────┼────────────────┼────────────────────────────────────────────────────────────┼──────
  ✅   │ жирный         │ docs                                                       │     1
       │                │ (https://example.com/very/long/path/to/documentation/page) │
  ⚠️   │ 日本語テキスト │ code | pipe                                                │  1000
  👨‍👩‍👧   │ обычный        │ -                                                          │    42

## Long sequence diagram

┌─────────┐     ┌─────────┐     ┌──────┐     ┌───────┐     ┌──────────┐     ┌───────────┐
│ Browser │     │ Gateway │     │ Auth │     │ Users │     │ Sessions │     │ Audit log │
└────┬────┘     └────┬────┘     └───┬──┘     └───┬───┘     └─────┬────┘     └─────┬─────┘
     │               │              │            │               │                │
     │ 1. POST /login│              │            │               │                │
     ├──────────────►│              │            │               │                │
     │               ┃              │            │               │                │
     │               ┃ 2. verify credentials     │               │                │
     │               ┠─────────────►│            │               │                │
     │               ┃              ┃            │               │                │
     │               ┃              ┃ 3. find user               │                │
     │               ┃              ┠───────────►│               │                │
     │               ┃              ┃            │               │                │
     │               ┃              ┃ 4. user    │               │                │
     │               ┃              ┃◄┈┈┈┈┈┈┈┈┈┈┈┤               │                │
     │               ┃              ┃            │               │                │
     │               ┃              ┃ ┌─────────────────┐        │                │
     │               ┃              ┃ │ проверка пароля │        │                │
     │               ┃              ┃ └─────────────────┘        │                │
     │               ┃            ┌─[loop retry 3x]─────────────────────────────────┐
     │               ┃            │ ┃            │               │                │ │
     │               ┃            │ ┃ 5. create session          │                │ │
     │               ┃            │ ┠───────────────────────────►│                │ │
     │               ┃            │ ┃            │               │                │ │
     │               ┃            │ ┃ 6. session id              │                │ │
     │               ┃            │ ┃◄┈┈┈┈┈┈┈┈┈┈┈┈┈┈┈┈┈┈┈┈┈┈┈┈┈┈┈┤                │ │
     │               ┃            │ ┃            │               │                │ │
     │               ┃            └─────────────────────────────────────────────────┘
     │               ┃              ┃            │               │                │
     │               ┃              ┃ 7. record login            │                │
     │               ┃              ┠────────────────────────────────────────────►│
     │               ┃              ┃            │               │                │
     │               ┃ 8. token     ┃            │               │                │
     │               ┃◄┈┈┈┈┈┈┈┈┈┈┈┈┈┨            │               │                │
     │               ┃              │            │               │                │
     │ 9. 302 + cookie              │            │               │                │
     │◄┈┈┈┈┈┈┈┈┈┈┈┈┈┈┨              │            │               │                │
     │               │              │            │               │                │

## Links

See the mermaid-ascii repository
(https://github.com/AlexanderGrooff/mermaid-ascii) and https://example.com/docs.
